
*** Running vivado
    with args -log design_1_ImgGen_0_0.vds -m64 -product Vivado -mode batch -messageDb vivado.pb -notrace -source design_1_ImgGen_0_0.tcl



****** Vivado v2025.1 (64-bit)
  **** SW Build 6140274 on Thu May 22 00:12:29 MDT 2025
  **** IP Build 6138677 on Thu May 22 03:10:11 MDT 2025
  **** SharedData Build 6139179 on Tue May 20 17:58:58 MDT 2025
  **** Start of session at: Tue Jun  2 14:04:48 2026
    ** Copyright 1986-2022 Xilinx, Inc. All Rights Reserved.
    ** Copyright 2022-2025 Advanced Micro Devices, Inc. All Rights Reserved.

source design_1_ImgGen_0_0.tcl -notrace
create_project: Time (s): cpu = 00:00:09 ; elapsed = 00:00:06 . Memory (MB): peak = 492.723 ; gain = 212.574
INFO: [IP_Flow 19-234] Refreshing IP repositories
INFO: [IP_Flow 19-1700] Loaded user IP repository 'c:/Xilinx/IP_Repo'.
WARNING: [IP_Flow 19-3685] Ignored loading user repository 'c:/Xilinx/IP_Repo/OLED_ASCII'. The path is contained within another repository.
INFO: [IP_Flow 19-2313] Loaded Vivado IP repository 'C:/Xilinx/2025.1/Vivado/data/ip'.
Command: synth_design -top design_1_ImgGen_0_0 -part xczu3eg-sfvc784-2-e -incremental_mode off -mode out_of_context
Starting synth_design
Attempting to get a license for feature 'Synthesis' and/or device 'xczu3eg'
INFO: [Common 17-349] Got license for feature 'Synthesis' and/or device 'xczu3eg'
INFO: [Device 21-403] Loading part xczu3eg-sfvc784-2-e
INFO: [Synth 8-7079] Multithreading enabled for synth_design using a maximum of 2 processes.
INFO: [Synth 8-7078] Launching helper process for spawning children vivado processes
INFO: [Synth 8-7075] Helper process launched with PID 7152
---------------------------------------------------------------------------------
Starting RTL Elaboration : Time (s): cpu = 00:00:05 ; elapsed = 00:00:06 . Memory (MB): peak = 1670.301 ; gain = 199.535
---------------------------------------------------------------------------------
INFO: [Synth 8-6157] synthesizing module 'design_1_ImgGen_0_0' [c:/Users/lab/Documents/GitHub/SW2/SW2.gen/sources_1/bd/design_1/ip/design_1_ImgGen_0_0/synth/design_1_ImgGen_0_0.v:53]
INFO: [Synth 8-638] synthesizing module 'ImgGen' [C:/Users/lab/Documents/GitHub/SW2/SW2.srcs/sources_1/new/ImgGen.vhd:28]
INFO: [Synth 8-256] done synthesizing module 'ImgGen' (0#1) [C:/Users/lab/Documents/GitHub/SW2/SW2.srcs/sources_1/new/ImgGen.vhd:28]
INFO: [Synth 8-6155] done synthesizing module 'design_1_ImgGen_0_0' (0#1) [c:/Users/lab/Documents/GitHub/SW2/SW2.gen/sources_1/bd/design_1/ip/design_1_ImgGen_0_0/synth/design_1_ImgGen_0_0.v:53]
WARNING: [Synth 8-7129] Port Clk in module ImgGen is either unconnected or has no load
WARNING: [Synth 8-7129] Port RstN in module ImgGen is either unconnected or has no load
---------------------------------------------------------------------------------
Finished RTL Elaboration : Time (s): cpu = 00:00:08 ; elapsed = 00:00:08 . Memory (MB): peak = 1811.121 ; gain = 340.355
---------------------------------------------------------------------------------
---------------------------------------------------------------------------------
Start Handling Custom Attributes
---------------------------------------------------------------------------------
---------------------------------------------------------------------------------
Finished Handling Custom Attributes : Time (s): cpu = 00:00:08 ; elapsed = 00:00:08 . Memory (MB): peak = 1811.121 ; gain = 340.355
---------------------------------------------------------------------------------
---------------------------------------------------------------------------------
Finished RTL Optimization Phase 1 : Time (s): cpu = 00:00:08 ; elapsed = 00:00:08 . Memory (MB): peak = 1811.121 ; gain = 340.355
---------------------------------------------------------------------------------
Netlist sorting complete. Time (s): cpu = 00:00:00 ; elapsed = 00:00:00.049 . Memory (MB): peak = 1811.121 ; gain = 0.000
INFO: [Project 1-570] Preparing netlist for logic optimization

Processing XDC Constraints
Initializing timing engine
Completed Processing XDC Constraints

Netlist sorting complete. Time (s): cpu = 00:00:00 ; elapsed = 00:00:00.001 . Memory (MB): peak = 1890.238 ; gain = 0.000
INFO: [Project 1-111] Unisim Transformation Summary:
No Unisim elements were transformed.

Constraint Validation Runtime : Time (s): cpu = 00:00:00 ; elapsed = 00:00:00.089 . Memory (MB): peak = 1909.402 ; gain = 19.164
INFO: [Designutils 20-5008] Incremental synthesis strategy off
---------------------------------------------------------------------------------
Finished Constraint Validation : Time (s): cpu = 00:00:18 ; elapsed = 00:00:19 . Memory (MB): peak = 1909.402 ; gain = 438.637
---------------------------------------------------------------------------------
---------------------------------------------------------------------------------
Start Loading Part and Timing Information
---------------------------------------------------------------------------------
Loading part: xczu3eg-sfvc784-2-e
INFO: [Synth 8-6742] Reading net delay rules and data
---------------------------------------------------------------------------------
Finished Loading Part and Timing Information : Time (s): cpu = 00:00:18 ; elapsed = 00:00:19 . Memory (MB): peak = 1909.402 ; gain = 438.637
---------------------------------------------------------------------------------
---------------------------------------------------------------------------------
Start Applying 'set_property' XDC Constraints
---------------------------------------------------------------------------------
---------------------------------------------------------------------------------
Finished applying 'set_property' XDC Constraints : Time (s): cpu = 00:00:18 ; elapsed = 00:00:19 . Memory (MB): peak = 1909.402 ; gain = 438.637
---------------------------------------------------------------------------------
---------------------------------------------------------------------------------
Finished RTL Optimization Phase 2 : Time (s): cpu = 00:00:21 ; elapsed = 00:00:22 . Memory (MB): peak = 1909.402 ; gain = 438.637
---------------------------------------------------------------------------------
---------------------------------------------------------------------------------
Start RTL Component Statistics 
---------------------------------------------------------------------------------
Detailed RTL Component Info : 
+---Adders : 
	   3 Input   33 Bit       Adders := 48    
	   2 Input   32 Bit       Adders := 142   
	   2 Input   31 Bit       Adders := 21    
	   2 Input   11 Bit       Adders := 15    
	   2 Input   10 Bit       Adders := 8     
	   2 Input    8 Bit       Adders := 2     
+---Multipliers : 
	              10x32  Multipliers := 15    
+---Muxes : 
	   2 Input   32 Bit        Muxes := 54    
	   2 Input   31 Bit        Muxes := 21    
	   2 Input   13 Bit        Muxes := 7     
	   2 Input   12 Bit        Muxes := 4     
	   2 Input   11 Bit        Muxes := 2     
	   2 Input   10 Bit        Muxes := 2     
	   2 Input    9 Bit        Muxes := 2     
	   2 Input    8 Bit        Muxes := 73    
	   2 Input    1 Bit        Muxes := 71    
---------------------------------------------------------------------------------
Finished RTL Component Statistics 
---------------------------------------------------------------------------------
---------------------------------------------------------------------------------
Start Part Resource Summary
---------------------------------------------------------------------------------
Part Resources:
DSPs: 360 (col length:72)
BRAMs: 432 (col length: RAMB18 72 RAMB36 36)
---------------------------------------------------------------------------------
Finished Part Resource Summary
---------------------------------------------------------------------------------
---------------------------------------------------------------------------------
Start Cross Boundary and Area Optimization
---------------------------------------------------------------------------------
WARNING: [Synth 8-7080] Parallel synthesis criteria is not met
DSP Report: Generating DSP enemyX[19]2, operation Mode is: (A:0x42)*B.
DSP Report: operator enemyX[19]2 is absorbed into DSP enemyX[19]2.
DSP Report: Generating DSP enemyY[19]4, operation Mode is: A*(B:0x3ff09).
DSP Report: operator enemyY[19]4 is absorbed into DSP enemyY[19]4.
DSP Report: Generating DSP enemyX[14]4, operation Mode is: A*(B:0x3ff23).
DSP Report: operator enemyX[14]4 is absorbed into DSP enemyX[14]4.
DSP Report: Generating DSP enemyX[9]4, operation Mode is: A*(B:0x3ff4b).
DSP Report: operator enemyX[9]4 is absorbed into DSP enemyX[9]4.
DSP Report: Generating DSP enemyY[9]2, operation Mode is: A*(B:0xb5).
DSP Report: operator enemyY[9]2 is absorbed into DSP enemyY[9]2.
DSP Report: operator enemyY[9]2 is absorbed into DSP enemyY[9]2.
DSP Report: Generating DSP enemyY[9]2, operation Mode is: (PCIN>>17)+A*B.
DSP Report: operator enemyY[9]2 is absorbed into DSP enemyY[9]2.
DSP Report: operator enemyY[9]2 is absorbed into DSP enemyY[9]2.
DSP Report: Generating DSP enemyY[8]2, operation Mode is: A*(B:0xdd).
DSP Report: operator enemyY[8]2 is absorbed into DSP enemyY[8]2.
DSP Report: operator enemyY[8]2 is absorbed into DSP enemyY[8]2.
DSP Report: Generating DSP enemyY[8]2, operation Mode is: (PCIN>>17)+A*B.
DSP Report: operator enemyY[8]2 is absorbed into DSP enemyY[8]2.
DSP Report: operator enemyY[8]2 is absorbed into DSP enemyY[8]2.
DSP Report: Generating DSP enemyX[1]2, operation Mode is: (A:0xf7)*B.
DSP Report: operator enemyX[1]2 is absorbed into DSP enemyX[1]2.
DSP Report: Generating DSP enemyY[1]2, operation Mode is: A*(B:0x42).
DSP Report: operator enemyY[1]2 is absorbed into DSP enemyY[1]2.
DSP Report: operator enemyY[1]2 is absorbed into DSP enemyY[1]2.
DSP Report: Generating DSP enemyY[1]2, operation Mode is: (PCIN>>17)+A*B.
DSP Report: operator enemyY[1]2 is absorbed into DSP enemyY[1]2.
DSP Report: operator enemyY[1]2 is absorbed into DSP enemyY[1]2.
DSP Report: Generating DSP enemyX[2]2, operation Mode is: (A:0xdd)*B.
DSP Report: operator enemyX[2]2 is absorbed into DSP enemyX[2]2.
DSP Report: Generating DSP enemyX[3]2, operation Mode is: A*(B:0xb5).
DSP Report: operator enemyX[3]2 is absorbed into DSP enemyX[3]2.
DSP Report: operator enemyX[3]2 is absorbed into DSP enemyX[3]2.
DSP Report: Generating DSP enemyX[3]2, operation Mode is: (PCIN>>17)+A*B.
DSP Report: operator enemyX[3]2 is absorbed into DSP enemyX[3]2.
DSP Report: operator enemyX[3]2 is absorbed into DSP enemyX[3]2.
DSP Report: Generating DSP enemyY[4]2, operation Mode is: A*(B:0xdd).
DSP Report: operator enemyY[4]2 is absorbed into DSP enemyY[4]2.
DSP Report: operator enemyY[4]2 is absorbed into DSP enemyY[4]2.
DSP Report: Generating DSP enemyY[4]2, operation Mode is: (PCIN>>17)+A*B.
DSP Report: operator enemyY[4]2 is absorbed into DSP enemyY[4]2.
DSP Report: operator enemyY[4]2 is absorbed into DSP enemyY[4]2.
DSP Report: Generating DSP enemyX[5]2, operation Mode is: (A:0x42)*B.
DSP Report: operator enemyX[5]2 is absorbed into DSP enemyX[5]2.
DSP Report: Generating DSP enemyY[5]2, operation Mode is: A*(B:0xf7).
DSP Report: operator enemyY[5]2 is absorbed into DSP enemyY[5]2.
DSP Report: operator enemyY[5]2 is absorbed into DSP enemyY[5]2.
DSP Report: Generating DSP enemyY[5]2, operation Mode is: (PCIN>>17)+A*B.
DSP Report: operator enemyY[5]2 is absorbed into DSP enemyY[5]2.
DSP Report: operator enemyY[5]2 is absorbed into DSP enemyY[5]2.
DSP Report: Generating DSP enemyX[7]4, operation Mode is: A*(B:0x3ffbe).
DSP Report: operator enemyX[7]4 is absorbed into DSP enemyX[7]4.
DSP Report: Generating DSP enemyY[7]2, operation Mode is: A*(B:0xf7).
DSP Report: operator enemyY[7]2 is absorbed into DSP enemyY[7]2.
DSP Report: operator enemyY[7]2 is absorbed into DSP enemyY[7]2.
DSP Report: Generating DSP enemyY[7]2, operation Mode is: (PCIN>>17)+A*B.
DSP Report: operator enemyY[7]2 is absorbed into DSP enemyY[7]2.
DSP Report: operator enemyY[7]2 is absorbed into DSP enemyY[7]2.
DSP Report: Generating DSP enemyX[10]4, operation Mode is: A*(B:0x3ff23).
DSP Report: operator enemyX[10]4 is absorbed into DSP enemyX[10]4.
DSP Report: Generating DSP enemyX[11]4, operation Mode is: A*(B:0x3ff09).
DSP Report: operator enemyX[11]4 is absorbed into DSP enemyX[11]4.
DSP Report: Generating DSP enemyY[11]2, operation Mode is: A*(B:0x42).
DSP Report: operator enemyY[11]2 is absorbed into DSP enemyY[11]2.
DSP Report: operator enemyY[11]2 is absorbed into DSP enemyY[11]2.
DSP Report: Generating DSP enemyY[11]2, operation Mode is: (PCIN>>17)+A*B.
DSP Report: operator enemyY[11]2 is absorbed into DSP enemyY[11]2.
DSP Report: operator enemyY[11]2 is absorbed into DSP enemyY[11]2.
DSP Report: Generating DSP enemyX[13]4, operation Mode is: A*(B:0x3ff09).
DSP Report: operator enemyX[13]4 is absorbed into DSP enemyX[13]4.
DSP Report: Generating DSP enemyY[13]4, operation Mode is: A*(B:0x3ffbe).
DSP Report: operator enemyY[13]4 is absorbed into DSP enemyY[13]4.
DSP Report: Generating DSP enemyX[15]4, operation Mode is: A*(B:0x3ff4b).
DSP Report: operator enemyX[15]4 is absorbed into DSP enemyX[15]4.
DSP Report: Generating DSP enemyY[16]4, operation Mode is: A*(B:0x3ff23).
DSP Report: operator enemyY[16]4 is absorbed into DSP enemyY[16]4.
DSP Report: Generating DSP enemyX[17]4, operation Mode is: A*(B:0x3ffbe).
DSP Report: operator enemyX[17]4 is absorbed into DSP enemyX[17]4.
DSP Report: Generating DSP enemyY[17]4, operation Mode is: A*(B:0x3ff09).
DSP Report: operator enemyY[17]4 is absorbed into DSP enemyY[17]4.
DSP Report: Generating DSP enemyY[20]4, operation Mode is: A*(B:0x3ff23).
DSP Report: operator enemyY[20]4 is absorbed into DSP enemyY[20]4.
DSP Report: Generating DSP enemyX[21]2, operation Mode is: (A:0xb5)*B.
DSP Report: operator enemyX[21]2 is absorbed into DSP enemyX[21]2.
DSP Report: Generating DSP enemyY[21]4, operation Mode is: A*(B:0x3ff4b).
DSP Report: operator enemyY[21]4 is absorbed into DSP enemyY[21]4.
DSP Report: Generating DSP enemyX[22]2, operation Mode is: (A:0xdd)*B.
DSP Report: operator enemyX[22]2 is absorbed into DSP enemyX[22]2.
DSP Report: Generating DSP enemyX[23]2, operation Mode is: (A:0xf7)*B.
DSP Report: operator enemyX[23]2 is absorbed into DSP enemyX[23]2.
DSP Report: Generating DSP enemyY[23]4, operation Mode is: A*(B:0x3ffbe).
DSP Report: operator enemyY[23]4 is absorbed into DSP enemyY[23]4.
WARNING: [Synth 8-7129] Port Clk in module ImgGen is either unconnected or has no load
WARNING: [Synth 8-7129] Port RstN in module ImgGen is either unconnected or has no load
---------------------------------------------------------------------------------
Finished Cross Boundary and Area Optimization : Time (s): cpu = 00:00:43 ; elapsed = 00:00:44 . Memory (MB): peak = 2020.805 ; gain = 550.039
---------------------------------------------------------------------------------
 Sort Area is  enemyY[11]2_16 : 0 0 : 341 2263 : Used 1 time 0
 Sort Area is  enemyY[11]2_16 : 0 1 : 1922 2263 : Used 1 time 0
 Sort Area is  enemyY[1]2_b : 0 0 : 341 2263 : Used 1 time 0
 Sort Area is  enemyY[1]2_b : 0 1 : 1922 2263 : Used 1 time 0
 Sort Area is  enemyX[3]2_e : 0 0 : 105 2027 : Used 1 time 0
 Sort Area is  enemyX[3]2_e : 0 1 : 1922 2027 : Used 1 time 0
 Sort Area is  enemyY[4]2_f : 0 0 : 105 2027 : Used 1 time 0
 Sort Area is  enemyY[4]2_f : 0 1 : 1922 2027 : Used 1 time 0
 Sort Area is  enemyY[5]2_11 : 0 0 : 105 2027 : Used 1 time 0
 Sort Area is  enemyY[5]2_11 : 0 1 : 1922 2027 : Used 1 time 0
 Sort Area is  enemyY[7]2_13 : 0 0 : 105 2027 : Used 1 time 0
 Sort Area is  enemyY[7]2_13 : 0 1 : 1922 2027 : Used 1 time 0
 Sort Area is  enemyY[8]2_8 : 0 0 : 105 2027 : Used 1 time 0
 Sort Area is  enemyY[8]2_8 : 0 1 : 1922 2027 : Used 1 time 0
 Sort Area is  enemyY[9]2_6 : 0 0 : 105 2027 : Used 1 time 0
 Sort Area is  enemyY[9]2_6 : 0 1 : 1922 2027 : Used 1 time 0
 Sort Area is  enemyX[1]2_9 : 0 0 : 526 526 : Used 1 time 0
 Sort Area is  enemyX[21]2_1e : 0 0 : 526 526 : Used 1 time 0
 Sort Area is  enemyX[22]2_20 : 0 0 : 526 526 : Used 1 time 0
 Sort Area is  enemyX[23]2_21 : 0 0 : 526 526 : Used 1 time 0
 Sort Area is  enemyX[2]2_d : 0 0 : 526 526 : Used 1 time 0
 Sort Area is  enemyX[17]4_1b : 0 0 : 341 341 : Used 1 time 0
 Sort Area is  enemyX[7]4_12 : 0 0 : 341 341 : Used 1 time 0
 Sort Area is  enemyY[13]4_18 : 0 0 : 341 341 : Used 1 time 0
 Sort Area is  enemyY[23]4_22 : 0 0 : 341 341 : Used 1 time 0
 Sort Area is  enemyX[19]2_0 : 0 0 : 166 166 : Used 1 time 0
 Sort Area is  enemyX[5]2_10 : 0 0 : 166 166 : Used 1 time 0
 Sort Area is  enemyX[10]4_14 : 0 0 : 105 105 : Used 1 time 0
 Sort Area is  enemyX[11]4_15 : 0 0 : 105 105 : Used 1 time 0
 Sort Area is  enemyX[13]4_17 : 0 0 : 105 105 : Used 1 time 0
 Sort Area is  enemyX[14]4_4 : 0 0 : 105 105 : Used 1 time 0
 Sort Area is  enemyX[15]4_19 : 0 0 : 105 105 : Used 1 time 0
 Sort Area is  enemyX[9]4_5 : 0 0 : 105 105 : Used 1 time 0
 Sort Area is  enemyY[16]4_1a : 0 0 : 105 105 : Used 1 time 0
 Sort Area is  enemyY[17]4_1c : 0 0 : 105 105 : Used 1 time 0
 Sort Area is  enemyY[19]4_2 : 0 0 : 105 105 : Used 1 time 0
 Sort Area is  enemyY[20]4_1d : 0 0 : 105 105 : Used 1 time 0
 Sort Area is  enemyY[21]4_1f : 0 0 : 105 105 : Used 1 time 0
---------------------------------------------------------------------------------
Start ROM, RAM, DSP, Shift Register and Retiming Reporting
---------------------------------------------------------------------------------

DSP: Preliminary Mapping Report (see note below. The ' indicates corresponding REG is set)
+------------+----------------+--------+--------+--------+--------+--------+------+------+------+------+-------+------+------+
|Module Name | DSP Mapping    | A Size | B Size | C Size | D Size | P Size | AREG | BREG | CREG | DREG | ADREG | MREG | PREG | 
+------------+----------------+--------+--------+--------+--------+--------+------+------+------+------+-------+------+------+
|ImgGen      | (A:0x42)*B     | 10     | 18     | -      | -      | 28     | 0    | 0    | -    | -    | -     | 0    | 0    | 
|ImgGen      | A*(B:0x3ff09)  | 11     | 9      | -      | -      | 20     | 0    | 0    | -    | -    | -     | 0    | 0    | 
|ImgGen      | A*(B:0x3ff23)  | 11     | 9      | -      | -      | 20     | 0    | 0    | -    | -    | -     | 0    | 0    | 
|ImgGen      | A*(B:0x3ff4b)  | 11     | 9      | -      | -      | 20     | 0    | 0    | -    | -    | -     | 0    | 0    | 
|ImgGen      | A*(B:0xb5)     | 11     | 9      | -      | -      | 48     | 0    | 0    | -    | -    | -     | 0    | 0    | 
|ImgGen      | (PCIN>>17)+A*B | 16     | 11     | -      | -      | 48     | 0    | 0    | -    | -    | -     | 0    | 0    | 
|ImgGen      | A*(B:0xdd)     | 11     | 9      | -      | -      | 48     | 0    | 0    | -    | -    | -     | 0    | 0    | 
|ImgGen      | (PCIN>>17)+A*B | 16     | 11     | -      | -      | 48     | 0    | 0    | -    | -    | -     | 0    | 0    | 
|ImgGen      | (A:0xf7)*B     | 19     | 10     | -      | -      | 29     | 0    | 0    | -    | -    | -     | 0    | 0    | 
|ImgGen      | A*(B:0x42)     | 11     | 8      | -      | -      | 48     | 0    | 0    | -    | -    | -     | 0    | 0    | 
|ImgGen      | (PCIN>>17)+A*B | 16     | 11     | -      | -      | 48     | 0    | 0    | -    | -    | -     | 0    | 0    | 
|ImgGen      | (A:0xdd)*B     | 19     | 10     | -      | -      | 29     | 0    | 0    | -    | -    | -     | 0    | 0    | 
|ImgGen      | A*(B:0xb5)     | 11     | 9      | -      | -      | 48     | 0    | 0    | -    | -    | -     | 0    | 0    | 
|ImgGen      | (PCIN>>17)+A*B | 16     | 11     | -      | -      | 48     | 0    | 0    | -    | -    | -     | 0    | 0    | 
|ImgGen      | A*(B:0xdd)     | 11     | 9      | -      | -      | 48     | 0    | 0    | -    | -    | -     | 0    | 0    | 
|ImgGen      | (PCIN>>17)+A*B | 16     | 11     | -      | -      | 48     | 0    | 0    | -    | -    | -     | 0    | 0    | 
|ImgGen      | (A:0x42)*B     | 10     | 18     | -      | -      | 28     | 0    | 0    | -    | -    | -     | 0    | 0    | 
|ImgGen      | A*(B:0xf7)     | 11     | 9      | -      | -      | 48     | 0    | 0    | -    | -    | -     | 0    | 0    | 
|ImgGen      | (PCIN>>17)+A*B | 16     | 11     | -      | -      | 48     | 0    | 0    | -    | -    | -     | 0    | 0    | 
|ImgGen      | A*(B:0x3ffbe)  | 11     | 8      | -      | -      | 19     | 0    | 0    | -    | -    | -     | 0    | 0    | 
|ImgGen      | A*(B:0xf7)     | 11     | 9      | -      | -      | 48     | 0    | 0    | -    | -    | -     | 0    | 0    | 
|ImgGen      | (PCIN>>17)+A*B | 16     | 11     | -      | -      | 48     | 0    | 0    | -    | -    | -     | 0    | 0    | 
|ImgGen      | A*(B:0x3ff23)  | 11     | 9      | -      | -      | 20     | 0    | 0    | -    | -    | -     | 0    | 0    | 
|ImgGen      | A*(B:0x3ff09)  | 11     | 9      | -      | -      | 20     | 0    | 0    | -    | -    | -     | 0    | 0    | 
|ImgGen      | A*(B:0x42)     | 11     | 8      | -      | -      | 48     | 0    | 0    | -    | -    | -     | 0    | 0    | 
|ImgGen      | (PCIN>>17)+A*B | 16     | 11     | -      | -      | 48     | 0    | 0    | -    | -    | -     | 0    | 0    | 
|ImgGen      | A*(B:0x3ff09)  | 11     | 9      | -      | -      | 20     | 0    | 0    | -    | -    | -     | 0    | 0    | 
|ImgGen      | A*(B:0x3ffbe)  | 11     | 8      | -      | -      | 19     | 0    | 0    | -    | -    | -     | 0    | 0    | 
|ImgGen      | A*(B:0x3ff4b)  | 11     | 9      | -      | -      | 20     | 0    | 0    | -    | -    | -     | 0    | 0    | 
|ImgGen      | A*(B:0x3ff23)  | 11     | 9      | -      | -      | 20     | 0    | 0    | -    | -    | -     | 0    | 0    | 
|ImgGen      | A*(B:0x3ffbe)  | 11     | 8      | -      | -      | 19     | 0    | 0    | -    | -    | -     | 0    | 0    | 
|ImgGen      | A*(B:0x3ff09)  | 11     | 9      | -      | -      | 20     | 0    | 0    | -    | -    | -     | 0    | 0    | 
|ImgGen      | A*(B:0x3ff23)  | 11     | 9      | -      | -      | 20     | 0    | 0    | -    | -    | -     | 0    | 0    | 
|ImgGen      | (A:0xb5)*B     | 19     | 10     | -      | -      | 29     | 0    | 0    | -    | -    | -     | 0    | 0    | 
|ImgGen      | A*(B:0x3ff4b)  | 11     | 9      | -      | -      | 20     | 0    | 0    | -    | -    | -     | 0    | 0    | 
|ImgGen      | (A:0xdd)*B     | 19     | 10     | -      | -      | 29     | 0    | 0    | -    | -    | -     | 0    | 0    | 
|ImgGen      | (A:0xf7)*B     | 19     | 10     | -      | -      | 29     | 0    | 0    | -    | -    | -     | 0    | 0    | 
|ImgGen      | A*(B:0x3ffbe)  | 11     | 8      | -      | -      | 19     | 0    | 0    | -    | -    | -     | 0    | 0    | 
+------------+----------------+--------+--------+--------+--------+--------+------+------+------+------+-------+------+------+

Note: The table above is a preliminary report that shows the DSPs inferred at the current stage of the synthesis flow. Some DSP may be reimplemented as non DSP primitives later in the synthesis flow. Multiple instantiated DSPs are reported only once.
---------------------------------------------------------------------------------
Finished ROM, RAM, DSP, Shift Register and Retiming Reporting
---------------------------------------------------------------------------------
---------------------------------------------------------------------------------
Start Applying XDC Timing Constraints
---------------------------------------------------------------------------------
---------------------------------------------------------------------------------
Finished Applying XDC Timing Constraints : Time (s): cpu = 00:00:52 ; elapsed = 00:00:53 . Memory (MB): peak = 2563.734 ; gain = 1092.969
---------------------------------------------------------------------------------
---------------------------------------------------------------------------------
Start Timing Optimization
---------------------------------------------------------------------------------
---------------------------------------------------------------------------------
Finished Timing Optimization : Time (s): cpu = 00:00:53 ; elapsed = 00:00:54 . Memory (MB): peak = 2589.859 ; gain = 1119.094
---------------------------------------------------------------------------------
---------------------------------------------------------------------------------
Start Technology Mapping
---------------------------------------------------------------------------------
---------------------------------------------------------------------------------
Finished Technology Mapping : Time (s): cpu = 00:00:54 ; elapsed = 00:00:55 . Memory (MB): peak = 2698.418 ; gain = 1227.652
---------------------------------------------------------------------------------
---------------------------------------------------------------------------------
Start IO Insertion
---------------------------------------------------------------------------------
---------------------------------------------------------------------------------
Start Flattening Before IO Insertion
---------------------------------------------------------------------------------
---------------------------------------------------------------------------------
Finished Flattening Before IO Insertion
---------------------------------------------------------------------------------
---------------------------------------------------------------------------------
Start Final Netlist Cleanup
---------------------------------------------------------------------------------
---------------------------------------------------------------------------------
Finished Final Netlist Cleanup
---------------------------------------------------------------------------------
---------------------------------------------------------------------------------
Finished IO Insertion : Time (s): cpu = 00:00:59 ; elapsed = 00:01:00 . Memory (MB): peak = 2809.855 ; gain = 1339.090
---------------------------------------------------------------------------------
---------------------------------------------------------------------------------
Start Renaming Generated Instances
---------------------------------------------------------------------------------
---------------------------------------------------------------------------------
Finished Renaming Generated Instances : Time (s): cpu = 00:00:59 ; elapsed = 00:01:00 . Memory (MB): peak = 2809.855 ; gain = 1339.090
---------------------------------------------------------------------------------
---------------------------------------------------------------------------------
Start Rebuilding User Hierarchy
---------------------------------------------------------------------------------
---------------------------------------------------------------------------------
Finished Rebuilding User Hierarchy : Time (s): cpu = 00:00:59 ; elapsed = 00:01:01 . Memory (MB): peak = 2809.855 ; gain = 1339.090
---------------------------------------------------------------------------------
---------------------------------------------------------------------------------
Start Renaming Generated Ports
---------------------------------------------------------------------------------
---------------------------------------------------------------------------------
Finished Renaming Generated Ports : Time (s): cpu = 00:00:59 ; elapsed = 00:01:01 . Memory (MB): peak = 2809.855 ; gain = 1339.090
---------------------------------------------------------------------------------
---------------------------------------------------------------------------------
Start Handling Custom Attributes
---------------------------------------------------------------------------------
---------------------------------------------------------------------------------
Finished Handling Custom Attributes : Time (s): cpu = 00:00:59 ; elapsed = 00:01:01 . Memory (MB): peak = 2809.855 ; gain = 1339.090
---------------------------------------------------------------------------------
---------------------------------------------------------------------------------
Start Renaming Generated Nets
---------------------------------------------------------------------------------
---------------------------------------------------------------------------------
Finished Renaming Generated Nets : Time (s): cpu = 00:00:59 ; elapsed = 00:01:01 . Memory (MB): peak = 2809.855 ; gain = 1339.090
---------------------------------------------------------------------------------
---------------------------------------------------------------------------------
Start Writing Synthesis Report
---------------------------------------------------------------------------------

DSP Final Report (the ' indicates corresponding REG is set)
+------------+--------------+--------+--------+--------+--------+--------+------+------+------+------+-------+------+------+
|Module Name | DSP Mapping  | A Size | B Size | C Size | D Size | P Size | AREG | BREG | CREG | DREG | ADREG | MREG | PREG | 
+------------+--------------+--------+--------+--------+--------+--------+------+------+------+------+-------+------+------+
|ImgGen      | A*B          | 10     | 7      | -      | -      | 28     | 0    | 0    | -    | -    | -     | 0    | 0    | 
|ImgGen      | A*B          | 10     | 18     | -      | -      | 20     | 0    | 0    | -    | -    | -     | 0    | 0    | 
|ImgGen      | A*B          | 10     | 18     | -      | -      | 20     | 0    | 0    | -    | -    | -     | 0    | 0    | 
|ImgGen      | A*B          | 10     | 18     | -      | -      | 20     | 0    | 0    | -    | -    | -     | 0    | 0    | 
|ImgGen      | A*B          | 10     | 8      | -      | -      | 48     | 0    | 0    | -    | -    | -     | 0    | 0    | 
|ImgGen      | PCIN>>17+A*B | 0      | 10     | -      | -      | 48     | 0    | 0    | -    | -    | -     | 0    | 0    | 
|ImgGen      | A*B          | 10     | 8      | -      | -      | 48     | 0    | 0    | -    | -    | -     | 0    | 0    | 
|ImgGen      | PCIN>>17+A*B | 0      | 10     | -      | -      | 48     | 0    | 0    | -    | -    | -     | 0    | 0    | 
|ImgGen      | A*B          | 8      | 10     | -      | -      | 29     | 0    | 0    | -    | -    | -     | 0    | 0    | 
|ImgGen      | A*B          | 10     | 7      | -      | -      | 48     | 0    | 0    | -    | -    | -     | 0    | 0    | 
|ImgGen      | PCIN>>17+A*B | 0      | 10     | -      | -      | 48     | 0    | 0    | -    | -    | -     | 0    | 0    | 
|ImgGen      | A*B          | 8      | 10     | -      | -      | 29     | 0    | 0    | -    | -    | -     | 0    | 0    | 
|ImgGen      | A*B          | 10     | 8      | -      | -      | 48     | 0    | 0    | -    | -    | -     | 0    | 0    | 
|ImgGen      | PCIN>>17+A*B | 0      | 10     | -      | -      | 48     | 0    | 0    | -    | -    | -     | 0    | 0    | 
|ImgGen      | A*B          | 10     | 8      | -      | -      | 48     | 0    | 0    | -    | -    | -     | 0    | 0    | 
|ImgGen      | PCIN>>17+A*B | 0      | 10     | -      | -      | 48     | 0    | 0    | -    | -    | -     | 0    | 0    | 
|ImgGen      | A*B          | 10     | 7      | -      | -      | 28     | 0    | 0    | -    | -    | -     | 0    | 0    | 
|ImgGen      | A*B          | 10     | 8      | -      | -      | 48     | 0    | 0    | -    | -    | -     | 0    | 0    | 
|ImgGen      | PCIN>>17+A*B | 0      | 10     | -      | -      | 48     | 0    | 0    | -    | -    | -     | 0    | 0    | 
|ImgGen      | A*B          | 10     | 18     | -      | -      | 19     | 0    | 0    | -    | -    | -     | 0    | 0    | 
|ImgGen      | A*B          | 10     | 8      | -      | -      | 48     | 0    | 0    | -    | -    | -     | 0    | 0    | 
|ImgGen      | PCIN>>17+A*B | 0      | 10     | -      | -      | 48     | 0    | 0    | -    | -    | -     | 0    | 0    | 
|ImgGen      | A*B          | 10     | 18     | -      | -      | 20     | 0    | 0    | -    | -    | -     | 0    | 0    | 
|ImgGen      | A*B          | 10     | 18     | -      | -      | 20     | 0    | 0    | -    | -    | -     | 0    | 0    | 
|ImgGen      | A*B          | 10     | 7      | -      | -      | 48     | 0    | 0    | -    | -    | -     | 0    | 0    | 
|ImgGen      | PCIN>>17+A*B | 0      | 10     | -      | -      | 48     | 0    | 0    | -    | -    | -     | 0    | 0    | 
|ImgGen      | A*B          | 10     | 18     | -      | -      | 20     | 0    | 0    | -    | -    | -     | 0    | 0    | 
|ImgGen      | A*B          | 10     | 18     | -      | -      | 19     | 0    | 0    | -    | -    | -     | 0    | 0    | 
|ImgGen      | A*B          | 10     | 18     | -      | -      | 20     | 0    | 0    | -    | -    | -     | 0    | 0    | 
|ImgGen      | A*B          | 10     | 18     | -      | -      | 20     | 0    | 0    | -    | -    | -     | 0    | 0    | 
|ImgGen      | A*B          | 10     | 18     | -      | -      | 19     | 0    | 0    | -    | -    | -     | 0    | 0    | 
|ImgGen      | A*B          | 10     | 18     | -      | -      | 20     | 0    | 0    | -    | -    | -     | 0    | 0    | 
|ImgGen      | A*B          | 10     | 18     | -      | -      | 20     | 0    | 0    | -    | -    | -     | 0    | 0    | 
|ImgGen      | A*B          | 8      | 10     | -      | -      | 29     | 0    | 0    | -    | -    | -     | 0    | 0    | 
|ImgGen      | A*B          | 10     | 18     | -      | -      | 20     | 0    | 0    | -    | -    | -     | 0    | 0    | 
|ImgGen      | A*B          | 8      | 10     | -      | -      | 29     | 0    | 0    | -    | -    | -     | 0    | 0    | 
|ImgGen      | A*B          | 8      | 10     | -      | -      | 29     | 0    | 0    | -    | -    | -     | 0    | 0    | 
|ImgGen      | A*B          | 10     | 18     | -      | -      | 19     | 0    | 0    | -    | -    | -     | 0    | 0    | 
+------------+--------------+--------+--------+--------+--------+--------+------+------+------+------+-------+------+------+


Report BlackBoxes: 
+-+--------------+----------+
| |BlackBox name |Instances |
+-+--------------+----------+
+-+--------------+----------+

Report Cell Usage: 
+------+----------------+------+
|      |Cell            |Count |
+------+----------------+------+
|1     |CARRY8          |   760|
|2     |DSP_ALU         |    38|
|3     |DSP_A_B_DATA    |    38|
|4     |DSP_C_DATA      |    38|
|5     |DSP_MULTIPLIER  |    38|
|6     |DSP_M_DATA      |    38|
|7     |DSP_OUTPUT      |    38|
|8     |DSP_PREADD      |    38|
|9     |DSP_PREADD_DATA |    38|
|10    |LUT1            |  1236|
|11    |LUT2            |  3956|
|12    |LUT3            |   589|
|13    |LUT4            |   526|
|14    |LUT5            |   465|
|15    |LUT6            |   882|
|16    |MUXF7           |    14|
|17    |MUXF8           |     1|
+------+----------------+------+
---------------------------------------------------------------------------------
Finished Writing Synthesis Report : Time (s): cpu = 00:00:59 ; elapsed = 00:01:01 . Memory (MB): peak = 2809.855 ; gain = 1339.090
---------------------------------------------------------------------------------
Synthesis finished with 0 errors, 0 critical warnings and 3 warnings.
Synthesis Optimization Runtime : Time (s): cpu = 00:00:50 ; elapsed = 00:00:59 . Memory (MB): peak = 2809.855 ; gain = 1240.809
Synthesis Optimization Complete : Time (s): cpu = 00:01:00 ; elapsed = 00:01:01 . Memory (MB): peak = 2809.855 ; gain = 1339.090
INFO: [Project 1-571] Translating synthesized netlist
Netlist sorting complete. Time (s): cpu = 00:00:01 ; elapsed = 00:00:00.096 . Memory (MB): peak = 2809.855 ; gain = 0.000
INFO: [Netlist 29-17] Analyzing 813 Unisim elements for replacement
INFO: [Netlist 29-28] Unisim Transformation completed in 0 CPU seconds
WARNING: [Netlist 29-101] Netlist 'design_1_ImgGen_0_0' is not ideal for floorplanning, since the cellview 'ImgGen' contains a large number of primitives.  Please consider enabling hierarchy in synthesis if you want to do floorplanning.
INFO: [Project 1-570] Preparing netlist for logic optimization
INFO: [Opt 31-138] Pushed 0 inverter(s) to 0 load pin(s).
Netlist sorting complete. Time (s): cpu = 00:00:00 ; elapsed = 00:00:00.003 . Memory (MB): peak = 2809.855 ; gain = 0.000
INFO: [Project 1-111] Unisim Transformation Summary:
  A total of 38 instances were transformed.
  DSP48E2 => DSP48E2 (DSP_ALU, DSP_A_B_DATA, DSP_C_DATA, DSP_MULTIPLIER, DSP_M_DATA, DSP_OUTPUT, DSP_PREADD, DSP_PREADD_DATA): 38 instances

Synth Design complete | Checksum: d9ed9bae
INFO: [Common 17-83] Releasing license: Synthesis
23 Infos, 7 Warnings, 0 Critical Warnings and 0 Errors encountered.
synth_design completed successfully
synth_design: Time (s): cpu = 00:01:08 ; elapsed = 00:01:12 . Memory (MB): peak = 2809.855 ; gain = 2258.500
Write ShapeDB Complete: Time (s): cpu = 00:00:00 ; elapsed = 00:00:00.028 . Memory (MB): peak = 2809.855 ; gain = 0.000
INFO: [Common 17-1381] The checkpoint 'C:/Users/lab/Documents/GitHub/SW2/SW2.runs/design_1_ImgGen_0_0_synth_1/design_1_ImgGen_0_0.dcp' has been generated.
INFO: [Vivado 12-24828] Executing command : report_utilization -file design_1_ImgGen_0_0_utilization_synth.rpt -pb design_1_ImgGen_0_0_utilization_synth.pb
INFO: [Common 17-206] Exiting Vivado at Tue Jun  2 14:06:12 2026...
