Copyright 1986-2022 Xilinx, Inc. All Rights Reserved. Copyright 2022-2025 Advanced Micro Devices, Inc. All Rights Reserved.
--------------------------------------------------------------------------------------------------------------------------------------------------------------------------------------
| Tool Version : Vivado v.2025.1 (win64) Build 6140274 Thu May 22 00:12:29 MDT 2025
| Date         : Tue Apr 28 15:57:45 2026
| Host         : Lab016-05 running 64-bit major release  (build 9200)
| Command      : report_methodology -file design_1_wrapper_methodology_drc_routed.rpt -pb design_1_wrapper_methodology_drc_routed.pb -rpx design_1_wrapper_methodology_drc_routed.rpx
| Design       : design_1_wrapper
| Device       : xczu3eg-sfvc784-2-e
| Speed File   : -2
| Design State : Fully Routed
--------------------------------------------------------------------------------------------------------------------------------------------------------------------------------------

Report Methodology

Table of Contents
-----------------
1. REPORT SUMMARY
2. REPORT DETAILS

1. REPORT SUMMARY
-----------------
            Netlist: netlist
          Floorplan: design_1
      Design limits: <entire design considered>
             Max checks: <unlimited>
             Checks found: 8
+-----------+----------+--------------------------------+--------+
| Rule      | Severity | Description                    | Checks |
+-----------+----------+--------------------------------+--------+
| TIMING-20 | Warning  | Non-clocked latch              | 7      |
| LATCH-1   | Advisory | Existing latches in the design | 1      |
+-----------+----------+--------------------------------+--------+

2. REPORT DETAILS
-----------------
TIMING-20#1 Warning
Non-clocked latch  
The latch design_1_i/ImgGen_0/inst/pixel_color_reg[1] cannot be properly analyzed as its control pin design_1_i/ImgGen_0/inst/pixel_color_reg[1]/G is not reached by a timing clock
Related violations: <none>

TIMING-20#2 Warning
Non-clocked latch  
The latch design_1_i/ImgGen_0/inst/pixel_color_reg[2] cannot be properly analyzed as its control pin design_1_i/ImgGen_0/inst/pixel_color_reg[2]/G is not reached by a timing clock
Related violations: <none>

TIMING-20#3 Warning
Non-clocked latch  
The latch design_1_i/ImgGen_0/inst/pixel_color_reg[3] cannot be properly analyzed as its control pin design_1_i/ImgGen_0/inst/pixel_color_reg[3]/G is not reached by a timing clock
Related violations: <none>

TIMING-20#4 Warning
Non-clocked latch  
The latch design_1_i/ImgGen_0/inst/pixel_color_reg[4] cannot be properly analyzed as its control pin design_1_i/ImgGen_0/inst/pixel_color_reg[4]/G is not reached by a timing clock
Related violations: <none>

TIMING-20#5 Warning
Non-clocked latch  
The latch design_1_i/ImgGen_0/inst/pixel_color_reg[5] cannot be properly analyzed as its control pin design_1_i/ImgGen_0/inst/pixel_color_reg[5]/G is not reached by a timing clock
Related violations: <none>

TIMING-20#6 Warning
Non-clocked latch  
The latch design_1_i/ImgGen_0/inst/pixel_color_reg[6] cannot be properly analyzed as its control pin design_1_i/ImgGen_0/inst/pixel_color_reg[6]/G is not reached by a timing clock
Related violations: <none>

TIMING-20#7 Warning
Non-clocked latch  
The latch design_1_i/ImgGen_0/inst/pixel_color_reg[7] cannot be properly analyzed as its control pin design_1_i/ImgGen_0/inst/pixel_color_reg[7]/G is not reached by a timing clock
Related violations: <none>

LATCH-1#1 Advisory
Existing latches in the design  
There are 7 latches found in the design. Inferred latches are often the result of HDL coding mistakes, such as incomplete if or case statements.
Related violations: <none>


