
*** Running vivado
    with args -log design_1_wrapper.vdi -applog -m64 -product Vivado -messageDb vivado.pb -mode batch -source design_1_wrapper.tcl -notrace



****** Vivado v2025.1 (64-bit)
  **** SW Build 6140274 on Thu May 22 00:12:29 MDT 2025
  **** IP Build 6138677 on Thu May 22 03:10:11 MDT 2025
  **** SharedData Build 6139179 on Tue May 20 17:58:58 MDT 2025
  **** Start of session at: Tue Jun  2 14:49:53 2026
    ** Copyright 1986-2022 Xilinx, Inc. All Rights Reserved.
    ** Copyright 2022-2025 Advanced Micro Devices, Inc. All Rights Reserved.

source design_1_wrapper.tcl -notrace
create_project: Time (s): cpu = 00:00:08 ; elapsed = 00:00:06 . Memory (MB): peak = 492.148 ; gain = 210.816
INFO: [IP_Flow 19-234] Refreshing IP repositories
INFO: [IP_Flow 19-1700] Loaded user IP repository 'c:/Xilinx/IP_Repo'.
WARNING: [IP_Flow 19-3685] Ignored loading user repository 'c:/Xilinx/IP_Repo/OLED_ASCII'. The path is contained within another repository.
INFO: [IP_Flow 19-2313] Loaded Vivado IP repository 'C:/Xilinx/2025.1/Vivado/data/ip'.
Command: link_design -top design_1_wrapper -part xczu3eg-sfvc784-2-e
Design is defaulting to srcset: sources_1
Design is defaulting to constrset: constrs_1
INFO: [Device 21-403] Loading part xczu3eg-sfvc784-2-e
INFO: [Project 1-5699] Read binary netlist with skipMacroContent - 1
INFO: [Project 1-454] Reading design checkpoint 'c:/Users/lab/Documents/GitHub/SW2/SW2.gen/sources_1/bd/design_1/ip/design_1_EnemyController_0_0/design_1_EnemyController_0_0.dcp' for cell 'design_1_i/EnemyController_0'
INFO: [Project 1-454] Reading design checkpoint 'c:/Users/lab/Documents/GitHub/SW2/SW2.gen/sources_1/bd/design_1/ip/design_1_HDMI_TX_0_0/design_1_HDMI_TX_0_0.dcp' for cell 'design_1_i/HDMI_TX_0'
INFO: [Project 1-454] Reading design checkpoint 'c:/Users/lab/Documents/GitHub/SW2/SW2.gen/sources_1/bd/design_1/ip/design_1_ImgGen_0_0/design_1_ImgGen_0_0.dcp' for cell 'design_1_i/ImgGen_0'
INFO: [Project 1-454] Reading design checkpoint 'c:/Users/lab/Documents/GitHub/SW2/SW2.gen/sources_1/bd/design_1/ip/design_1_RotaryEnc_0_0/design_1_RotaryEnc_0_0.dcp' for cell 'design_1_i/RotaryEnc_0'
INFO: [Project 1-454] Reading design checkpoint 'c:/Users/lab/Documents/GitHub/SW2/SW2.gen/sources_1/bd/design_1/ip/design_1_TickGenerator_0_0/design_1_TickGenerator_0_0.dcp' for cell 'design_1_i/TickGenerator_0'
INFO: [Project 1-454] Reading design checkpoint 'c:/Users/lab/Documents/GitHub/SW2/SW2.gen/sources_1/bd/design_1/ip/design_1_VideoTiming_0_0/design_1_VideoTiming_0_0.dcp' for cell 'design_1_i/VideoTiming_0'
INFO: [Project 1-454] Reading design checkpoint 'c:/Users/lab/Documents/GitHub/SW2/SW2.gen/sources_1/bd/design_1/ip/design_1_angle_encoder_1_0/design_1_angle_encoder_1_0.dcp' for cell 'design_1_i/angle_encoder_1'
INFO: [Project 1-454] Reading design checkpoint 'c:/Users/lab/Documents/GitHub/SW2/SW2.gen/sources_1/bd/design_1/ip/design_1_clk_wiz_0_0/design_1_clk_wiz_0_0.dcp' for cell 'design_1_i/clk_wiz_0'
Netlist sorting complete. Time (s): cpu = 00:00:00 ; elapsed = 00:00:00.067 . Memory (MB): peak = 1475.500 ; gain = 0.000
INFO: [Netlist 29-17] Analyzing 824 Unisim elements for replacement
INFO: [Netlist 29-28] Unisim Transformation completed in 1 CPU seconds
WARNING: [Netlist 29-43] Netlist 'design_1_wrapper' is not ideal for floorplanning, since the cellview 'design_1_ImgGen_0_0_ImgGen' defined in file 'design_1_ImgGen_0_0.edf' contains large number of primitives.  Please consider enabling hierarchy in synthesis if you want to do floorplanning.
INFO: [Project 1-479] Netlist was created with Vivado 2025.1
INFO: [Project 1-570] Preparing netlist for logic optimization
Parsing XDC File [c:/Users/lab/Documents/GitHub/SW2/SW2.gen/sources_1/bd/design_1/ip/design_1_clk_wiz_0_0/design_1_clk_wiz_0_0_board.xdc] for cell 'design_1_i/clk_wiz_0/inst'
Finished Parsing XDC File [c:/Users/lab/Documents/GitHub/SW2/SW2.gen/sources_1/bd/design_1/ip/design_1_clk_wiz_0_0/design_1_clk_wiz_0_0_board.xdc] for cell 'design_1_i/clk_wiz_0/inst'
Parsing XDC File [c:/Users/lab/Documents/GitHub/SW2/SW2.gen/sources_1/bd/design_1/ip/design_1_clk_wiz_0_0/design_1_clk_wiz_0_0.xdc] for cell 'design_1_i/clk_wiz_0/inst'
create_clock: Time (s): cpu = 00:00:06 ; elapsed = 00:00:05 . Memory (MB): peak = 1475.500 ; gain = 0.000
INFO: [Timing 38-35] Done setting XDC timing constraints. [c:/Users/lab/Documents/GitHub/SW2/SW2.gen/sources_1/bd/design_1/ip/design_1_clk_wiz_0_0/design_1_clk_wiz_0_0.xdc:54]
INFO: [Timing 38-2] Deriving generated clocks [c:/Users/lab/Documents/GitHub/SW2/SW2.gen/sources_1/bd/design_1/ip/design_1_clk_wiz_0_0/design_1_clk_wiz_0_0.xdc:54]
get_clocks: Time (s): cpu = 00:00:11 ; elapsed = 00:00:10 . Memory (MB): peak = 2234.477 ; gain = 758.977
Finished Parsing XDC File [c:/Users/lab/Documents/GitHub/SW2/SW2.gen/sources_1/bd/design_1/ip/design_1_clk_wiz_0_0/design_1_clk_wiz_0_0.xdc] for cell 'design_1_i/clk_wiz_0/inst'
Parsing XDC File [C:/Users/lab/Documents/GitHub/SW2/SW2.srcs/constrs_1/new/mainconstraint.xdc]
Finished Parsing XDC File [C:/Users/lab/Documents/GitHub/SW2/SW2.srcs/constrs_1/new/mainconstraint.xdc]
Parsing XDC File [C:/Users/lab/Documents/GitHub/SW2/SW2.srcs/constrs_1/new/sideconstraint.xdc]
Finished Parsing XDC File [C:/Users/lab/Documents/GitHub/SW2/SW2.srcs/constrs_1/new/sideconstraint.xdc]
INFO: [Opt 31-138] Pushed 0 inverter(s) to 0 load pin(s).
Netlist sorting complete. Time (s): cpu = 00:00:00 ; elapsed = 00:00:00.003 . Memory (MB): peak = 2234.477 ; gain = 0.000
INFO: [Project 1-111] Unisim Transformation Summary:
  A total of 42 instances were transformed.
  DSP48E2 => DSP48E2 (DSP_ALU, DSP_A_B_DATA, DSP_C_DATA, DSP_MULTIPLIER, DSP_M_DATA, DSP_OUTPUT, DSP_PREADD, DSP_PREADD_DATA): 38 instances
  IBUF => IBUF (IBUFCTRL, INBUF): 3 instances
  IBUFDS => IBUFDS (DIFFINBUF, IBUFCTRL): 1 instance 

21 Infos, 2 Warnings, 0 Critical Warnings and 0 Errors encountered.
link_design completed successfully
link_design: Time (s): cpu = 00:00:24 ; elapsed = 00:00:24 . Memory (MB): peak = 2234.477 ; gain = 1684.824
Command: opt_design
Attempting to get a license for feature 'Implementation' and/or device 'xczu3eg'
INFO: [Common 17-349] Got license for feature 'Implementation' and/or device 'xczu3eg'
Running DRC as a precondition to command opt_design

Starting DRC Task
INFO: [DRC 23-27] Running DRC with 2 threads
INFO: [Project 1-461] DRC finished with 0 Errors
INFO: [Project 1-462] Please refer to the DRC report (report_drc) for more information.

Time (s): cpu = 00:00:03 ; elapsed = 00:00:02 . Memory (MB): peak = 2234.477 ; gain = 0.000

Starting Cache Timing Information Task
INFO: [Timing 38-35] Done setting XDC timing constraints.
Ending Cache Timing Information Task | Checksum: 150afbb85

Time (s): cpu = 00:00:03 ; elapsed = 00:00:02 . Memory (MB): peak = 2254.289 ; gain = 19.812

Starting Logic Optimization Task

Phase 1 Initialization

Phase 1.1 Core Generation And Design Setup
Phase 1.1 Core Generation And Design Setup | Checksum: 150afbb85

Time (s): cpu = 00:00:00 ; elapsed = 00:00:00.015 . Memory (MB): peak = 2703.719 ; gain = 0.000

Phase 1.2 Setup Constraints And Sort Netlist
Phase 1.2 Setup Constraints And Sort Netlist | Checksum: 150afbb85

Time (s): cpu = 00:00:00 ; elapsed = 00:00:00.023 . Memory (MB): peak = 2703.719 ; gain = 0.000
Phase 1 Initialization | Checksum: 150afbb85

Time (s): cpu = 00:00:00 ; elapsed = 00:00:00.025 . Memory (MB): peak = 2703.719 ; gain = 0.000

Phase 2 Timer Update And Timing Data Collection

Phase 2.1 Timer Update
Phase 2.1 Timer Update | Checksum: 150afbb85

Time (s): cpu = 00:00:00 ; elapsed = 00:00:00.322 . Memory (MB): peak = 2703.719 ; gain = 0.000

Phase 2.2 Timing Data Collection
Phase 2.2 Timing Data Collection | Checksum: 150afbb85

Time (s): cpu = 00:00:00 ; elapsed = 00:00:00.341 . Memory (MB): peak = 2703.719 ; gain = 0.000
Phase 2 Timer Update And Timing Data Collection | Checksum: 150afbb85

Time (s): cpu = 00:00:00 ; elapsed = 00:00:00.344 . Memory (MB): peak = 2703.719 ; gain = 0.000

Phase 3 Retarget
INFO: [Opt 31-1851] Number of loadless carry chains removed were: 0
INFO: [Opt 31-1834] Total Chains To Be Transformed Were: 0 AND Number of Transformed insts Created are: 0
INFO: [Opt 31-138] Pushed 4 inverter(s) to 57 load pin(s).
INFO: [Opt 31-49] Retargeted 0 cell(s).
Phase 3 Retarget | Checksum: 1fa7daeeb

Time (s): cpu = 00:00:00 ; elapsed = 00:00:00.669 . Memory (MB): peak = 2703.719 ; gain = 0.000
Retarget | Checksum: 1fa7daeeb
INFO: [Opt 31-389] Phase Retarget created 102 cells and removed 107 cells

Phase 4 Constant propagation
INFO: [Opt 31-138] Pushed 0 inverter(s) to 0 load pin(s).
Phase 4 Constant propagation | Checksum: 209242313

Time (s): cpu = 00:00:01 ; elapsed = 00:00:00.765 . Memory (MB): peak = 2703.719 ; gain = 0.000
Constant propagation | Checksum: 209242313
INFO: [Opt 31-389] Phase Constant propagation created 0 cells and removed 0 cells

Phase 5 Sweep
INFO: [Constraints 18-11670] Building netlist checker database with flags, 0x8
Done building netlist checker database: Time (s): cpu = 00:00:00 ; elapsed = 00:00:00.005 . Memory (MB): peak = 2703.719 ; gain = 0.000
INFO: [Constraints 18-11670] Building netlist checker database with flags, 0x8
Done building netlist checker database: Time (s): cpu = 00:00:00 ; elapsed = 00:00:00.007 . Memory (MB): peak = 2703.719 ; gain = 0.000
Phase 5 Sweep | Checksum: 1e8a7be0d

Time (s): cpu = 00:00:01 ; elapsed = 00:00:00.986 . Memory (MB): peak = 2703.719 ; gain = 0.000
Sweep | Checksum: 1e8a7be0d
INFO: [Opt 31-389] Phase Sweep created 0 cells and removed 0 cells

Phase 6 BUFG optimization
INFO: [Opt 31-194] Inserted BUFG design_1_i/TickGenerator_0/inst/FrameTick_BUFG_inst to drive 256 load(s) on clock net design_1_i/TickGenerator_0/inst/FrameTick_BUFGCE
INFO: [Opt 31-193] Inserted 1 BUFG(s) on clock nets
INFO: [Opt 31-1077] Phase BUFG optimization inserted 0 global clock buffer(s) for CLOCK_LOW_FANOUT.
Phase 6 BUFG optimization | Checksum: 179e26924

Time (s): cpu = 00:00:01 ; elapsed = 00:00:01 . Memory (MB): peak = 2703.719 ; gain = 0.000
BUFG optimization | Checksum: 179e26924
INFO: [Opt 31-662] Phase BUFG optimization created 1 cells of which 1 are BUFGs and removed 0 cells.

Phase 7 Shift Register Optimization
INFO: [Opt 31-1064] SRL Remap converted 0 SRLs to 0 registers and converted 0 registers of register chains to 0 SRLs
Phase 7 Shift Register Optimization | Checksum: 179e26924

Time (s): cpu = 00:00:01 ; elapsed = 00:00:01 . Memory (MB): peak = 2703.719 ; gain = 0.000
Shift Register Optimization | Checksum: 179e26924
INFO: [Opt 31-389] Phase Shift Register Optimization created 0 cells and removed 0 cells

Phase 8 Post Processing Netlist
Phase 8 Post Processing Netlist | Checksum: 179e26924

Time (s): cpu = 00:00:01 ; elapsed = 00:00:01 . Memory (MB): peak = 2703.719 ; gain = 0.000
Post Processing Netlist | Checksum: 179e26924
INFO: [Opt 31-389] Phase Post Processing Netlist created 0 cells and removed 0 cells

Phase 9 Finalization

Phase 9.1 Finalizing Design Cores and Updating Shapes
Phase 9.1 Finalizing Design Cores and Updating Shapes | Checksum: 15144c165

Time (s): cpu = 00:00:02 ; elapsed = 00:00:02 . Memory (MB): peak = 2703.719 ; gain = 0.000

Phase 9.2 Verifying Netlist Connectivity

Starting Connectivity Check Task

Time (s): cpu = 00:00:00 ; elapsed = 00:00:00.018 . Memory (MB): peak = 2703.719 ; gain = 0.000
Phase 9.2 Verifying Netlist Connectivity | Checksum: 15144c165

Time (s): cpu = 00:00:02 ; elapsed = 00:00:02 . Memory (MB): peak = 2703.719 ; gain = 0.000
Phase 9 Finalization | Checksum: 15144c165

Time (s): cpu = 00:00:02 ; elapsed = 00:00:02 . Memory (MB): peak = 2703.719 ; gain = 0.000
Opt_design Change Summary
=========================


-------------------------------------------------------------------------------------------------------------------------
|  Phase                        |  #Cells created  |  #Cells Removed  |  #Constrained objects preventing optimizations  |
-------------------------------------------------------------------------------------------------------------------------
|  Retarget                     |             102  |             107  |                                              0  |
|  Constant propagation         |               0  |               0  |                                              0  |
|  Sweep                        |               0  |               0  |                                              0  |
|  BUFG optimization            |               1  |               0  |                                              0  |
|  Shift Register Optimization  |               0  |               0  |                                              0  |
|  Post Processing Netlist      |               0  |               0  |                                              0  |
-------------------------------------------------------------------------------------------------------------------------


Ending Logic Optimization Task | Checksum: 15144c165

Time (s): cpu = 00:00:02 ; elapsed = 00:00:02 . Memory (MB): peak = 2703.719 ; gain = 0.000

Starting Power Optimization Task
INFO: [Pwropt 34-132] Skipping clock gating for clocks with a period < 2.00 ns.
Ending Power Optimization Task | Checksum: 15144c165

Time (s): cpu = 00:00:00 ; elapsed = 00:00:00.013 . Memory (MB): peak = 2703.719 ; gain = 0.000

Starting Final Cleanup Task
Ending Final Cleanup Task | Checksum: 15144c165

Time (s): cpu = 00:00:00 ; elapsed = 00:00:00.002 . Memory (MB): peak = 2703.719 ; gain = 0.000

Starting Netlist Obfuscation Task
Netlist sorting complete. Time (s): cpu = 00:00:00 ; elapsed = 00:00:00.004 . Memory (MB): peak = 2703.719 ; gain = 0.000
Ending Netlist Obfuscation Task | Checksum: 15144c165

Time (s): cpu = 00:00:00 ; elapsed = 00:00:00.007 . Memory (MB): peak = 2703.719 ; gain = 0.000
INFO: [Common 17-83] Releasing license: Implementation
45 Infos, 2 Warnings, 0 Critical Warnings and 0 Errors encountered.
opt_design completed successfully
opt_design: Time (s): cpu = 00:00:12 ; elapsed = 00:00:09 . Memory (MB): peak = 2703.719 ; gain = 469.242
INFO: [Vivado 12-24828] Executing command : report_drc -file design_1_wrapper_drc_opted.rpt -pb design_1_wrapper_drc_opted.pb -rpx design_1_wrapper_drc_opted.rpx
Command: report_drc -file design_1_wrapper_drc_opted.rpt -pb design_1_wrapper_drc_opted.pb -rpx design_1_wrapper_drc_opted.rpx
INFO: [IP_Flow 19-1839] IP Catalog is up to date.
INFO: [DRC 23-27] Running DRC with 2 threads
INFO: [Vivado_Tcl 2-168] The results of DRC are in file C:/Users/lab/Documents/GitHub/SW2/SW2.runs/impl_1/design_1_wrapper_drc_opted.rpt.
report_drc completed successfully
INFO: [Timing 38-35] Done setting XDC timing constraints.
INFO: [Timing 38-480] Writing timing data to binary archive.
Wrote PlaceDB: Time (s): cpu = 00:00:00 ; elapsed = 00:00:00.002 . Memory (MB): peak = 2709.242 ; gain = 0.000
Wrote PulsedLatchDB: Time (s): cpu = 00:00:00 ; elapsed = 00:00:00 . Memory (MB): peak = 2709.242 ; gain = 0.000
Writing XDEF routing.
Write ShapeDB Complete: Time (s): cpu = 00:00:00 ; elapsed = 00:00:00.030 . Memory (MB): peak = 2709.242 ; gain = 0.090
Writing XDEF routing logical nets.
Writing XDEF routing special nets.
Wrote RouteStorage: Time (s): cpu = 00:00:00 ; elapsed = 00:00:00.068 . Memory (MB): peak = 2711.656 ; gain = 2.414
Wrote Netlist Cache: Time (s): cpu = 00:00:00 ; elapsed = 00:00:00.001 . Memory (MB): peak = 2711.656 ; gain = 0.000
Wrote Device Cache: Time (s): cpu = 00:00:00 ; elapsed = 00:00:00.028 . Memory (MB): peak = 2711.656 ; gain = 0.000
Write Physdb Complete: Time (s): cpu = 00:00:00 ; elapsed = 00:00:00.108 . Memory (MB): peak = 2711.656 ; gain = 2.414
INFO: [Common 17-1381] The checkpoint 'C:/Users/lab/Documents/GitHub/SW2/SW2.runs/impl_1/design_1_wrapper_opt.dcp' has been generated.
Command: place_design
Attempting to get a license for feature 'Implementation' and/or device 'xczu3eg'
INFO: [Common 17-349] Got license for feature 'Implementation' and/or device 'xczu3eg'
INFO: [Common 17-83] Releasing license: Implementation
INFO: [DRC 23-27] Running DRC with 2 threads
INFO: [Vivado_Tcl 4-198] DRC finished with 0 Errors
INFO: [Vivado_Tcl 4-199] Please refer to the DRC report (report_drc) for more information.
Running DRC as a precondition to command place_design
INFO: [DRC 23-27] Running DRC with 2 threads
INFO: [Vivado_Tcl 4-198] DRC finished with 0 Errors
INFO: [Vivado_Tcl 4-199] Please refer to the DRC report (report_drc) for more information.
INFO: [Place 30-611] Multithreading enabled for place_design using a maximum of 2 CPUs

Starting Placer Task

Phase 1 Placer Initialization

Phase 1.1 Placer Initialization Netlist Sorting
Netlist sorting complete. Time (s): cpu = 00:00:00 ; elapsed = 00:00:00.004 . Memory (MB): peak = 2740.109 ; gain = 0.000
Phase 1.1 Placer Initialization Netlist Sorting | Checksum: f30c757e

Time (s): cpu = 00:00:00 ; elapsed = 00:00:00.010 . Memory (MB): peak = 2740.109 ; gain = 0.000
Netlist sorting complete. Time (s): cpu = 00:00:00 ; elapsed = 00:00:00.010 . Memory (MB): peak = 2740.109 ; gain = 0.000

Phase 1.2 IO Placement/ Clock Placement/ Build Placer Device
Phase 1.2 IO Placement/ Clock Placement/ Build Placer Device | Checksum: c216d128

Time (s): cpu = 00:00:12 ; elapsed = 00:00:12 . Memory (MB): peak = 3797.375 ; gain = 1057.266

Phase 1.3 Build Placer Netlist Model
Phase 1.3 Build Placer Netlist Model | Checksum: 1473369f5

Time (s): cpu = 00:00:15 ; elapsed = 00:00:14 . Memory (MB): peak = 3797.375 ; gain = 1057.266

Phase 1.4 Constrain Clocks/Macros
Phase 1.4 Constrain Clocks/Macros | Checksum: 1473369f5

Time (s): cpu = 00:00:15 ; elapsed = 00:00:14 . Memory (MB): peak = 3797.375 ; gain = 1057.266
Phase 1 Placer Initialization | Checksum: 1473369f5

Time (s): cpu = 00:00:15 ; elapsed = 00:00:14 . Memory (MB): peak = 3797.375 ; gain = 1057.266

Phase 2 Global Placement

Phase 2.1 Floorplanning

Phase 2.1.1 Partition Driven Placement

Phase 2.1.1.1 PBP: Partition Driven Placement
Phase 2.1.1.1 PBP: Partition Driven Placement | Checksum: cb7171b8

Time (s): cpu = 00:00:17 ; elapsed = 00:00:15 . Memory (MB): peak = 3797.375 ; gain = 1057.266

Phase 2.1.1.2 PBP: Clock Region Placement
INFO: [Place 30-3162] Check ILP status : ILP-based clock placer completed successfully.
Phase 2.1.1.2 PBP: Clock Region Placement | Checksum: 23582a33c

Time (s): cpu = 00:00:17 ; elapsed = 00:00:15 . Memory (MB): peak = 3797.375 ; gain = 1057.266

Phase 2.1.1.3 PBP: Compute Congestion
Phase 2.1.1.3 PBP: Compute Congestion | Checksum: 23582a33c

Time (s): cpu = 00:00:26 ; elapsed = 00:00:20 . Memory (MB): peak = 3797.375 ; gain = 1057.266

Phase 2.1.1.4 PBP: UpdateTiming
Phase 2.1.1.4 PBP: UpdateTiming | Checksum: 2644e38bb

Time (s): cpu = 00:00:27 ; elapsed = 00:00:20 . Memory (MB): peak = 3797.375 ; gain = 1057.266

Phase 2.1.1.5 PBP: Add part constraints
Phase 2.1.1.5 PBP: Add part constraints | Checksum: 2644e38bb

Time (s): cpu = 00:00:27 ; elapsed = 00:00:20 . Memory (MB): peak = 3797.375 ; gain = 1057.266
Phase 2.1.1 Partition Driven Placement | Checksum: 2644e38bb

Time (s): cpu = 00:00:27 ; elapsed = 00:00:20 . Memory (MB): peak = 3797.375 ; gain = 1057.266
Phase 2.1 Floorplanning | Checksum: 1bee2007e

Time (s): cpu = 00:00:27 ; elapsed = 00:00:20 . Memory (MB): peak = 3797.375 ; gain = 1057.266

Phase 2.2 Update Timing before SLR Path Opt
Phase 2.2 Update Timing before SLR Path Opt | Checksum: 1bee2007e

Time (s): cpu = 00:00:27 ; elapsed = 00:00:20 . Memory (MB): peak = 3797.375 ; gain = 1057.266

Phase 2.3 Post-Processing in Floorplanning
Phase 2.3 Post-Processing in Floorplanning | Checksum: 1bee2007e

Time (s): cpu = 00:00:27 ; elapsed = 00:00:20 . Memory (MB): peak = 3797.375 ; gain = 1057.266

Phase 2.4 Global Place Phase1
